// Jest Snapshot v1, https://goo.gl/fbAQLP

exports[`Footer component should render component correctly 1`] = `
<section
  className="foot"
>
  <div>
    <p>
      Â© 2017
    </p>
  </div>
</section>
`;
